 1
 1
 1
 1
 1
 1
 1
 1
 1
 1
 1
 0
 1
 2
 3
 4
 5
 6
 7
 8
 9
 10
 0
 1
 4
 9
 16
 25
 36
 49
 64
 81
 100
 0
 1
 8
 27
 64
 125
 216
 343
 512
 729
 1000
 0
 1
 16
 81
 256
 625
 1296
 2401
 4096
 6561
 10000
