0
1
2
3
111111111
0
2
111111111
3
2
1
0
111111111
3
1
111111111
0
1
2
3
4
5
6
7
8
9
10
